// Jest Snapshot v1, https://goo.gl/fbAQLP

exports[`Builder should render the default markup 1`] = `
<div>
  <div>
    <nav class="management-bar management-bar-light navbar navbar-expand-md">
      <div class="container-fluid container-fluid-max-xl">
        <ul class="navbar-nav"></ul>
        <ul class="navbar-nav">
          <li class="nav-item">
            <button class="btn nav-btn nav-btn-monospaced btn-primary" aria-label="plus" title="new" type="button">
              <svg aria-hidden="true" class="lexicon-icon lexicon-icon-plus" focusable="false">
                <title>plus</title>
                <use xlink:href="icons.svg#plus"></use>
              </svg>
            </button>
          </li>
        </ul>
      </div>
    </nav>
  </div>
  <div class="container">
    <div class="sheet">
      <p>Drag from sidebar and drop here</p>
    </div>
  </div>
  <div class="sidebar-container" ref="sidebar">
    <div class="sidebar sidebar-light">
      <nav class="component-tbar tbar">
        <div class="container-fluid">
          <ul class="tbar-nav">
            <li class="tbar-item tbar-item-expand text-left">
              <div class="tbar-section">
                <span class="text-truncate-inline">
                  <span class="text-truncate">Add Elements</span>
                </span>
              </div>
            </li>
            <li class="tbar-item">
              <a class="component-action" href="#1" role="button" ref="close">
                <svg aria-hidden="true" class="lexicon-icon lexicon-icon-times">
                  <use xlink:href="icons.svg#times"></use>
                </svg>
              </a>
            </li>
          </ul>
        </div>
      </nav>
      <nav class="component-navigation-bar navbar navigation-bar navbar-collapse-absolute navbar-expand-md navbar-underline">
        <a aria-controls="sidebarLightCollapse00" aria-expanded="false" aria-label="Toggle Navigation" class="collapsed navbar-toggler navbar-toggler-link" data-toggle="collapse" href="#sidebarLightCollapse00" role="button">
          <span class="navbar-text-truncate">Details</span>
          <svg aria-hidden="true" class="lexicon-icon lexicon-icon-caret-bottom">
            <use xlink:href="icons.svg#caret-bottom"></use>
          </svg>
        </a>
        <div class="collapse navbar-collapse" id="sidebarLightCollapse00">
          <ul class="nav navbar-nav" role="tablist">
            <li ref="tab0" class="nav-item">
              <a class="nav-link active" aria-controls="sidebarLightDetails" data-toggle="tab" href="#" role="tab">
                <span class="navbar-text-truncate">Elements</span>
              </a>
            </li>
          </ul>
        </div>
      </nav>
      <div class="ddm-sidebar-body"></div>
    </div>
  </div>
</div>
`;
